<html>
<body>
<pre>
<h1>µVision Build Log</h1>
<h2>Project:</h2>
D:\Prj\stm32iotboard\software\fire-port\4.GPIO\GPIO-UseLibFunction\Project\RVMDK\iSO-STM32.uvproj
Project File Date:  12/17/2018

<h2>Output:</h2>
Rebuild target 'Led'
assembling startup_stm32f10x_hd.s...
compiling core_cm3.c...
compiling system_stm32f10x.c...
compiling misc.c...
compiling stm32f10x_adc.c...
compiling stm32f10x_bkp.c...
compiling stm32f10x_can.c...
compiling stm32f10x_cec.c...
compiling stm32f10x_crc.c...
compiling stm32f10x_dac.c...
compiling stm32f10x_dbgmcu.c...
compiling stm32f10x_dma.c...
compiling stm32f10x_exti.c...
compiling stm32f10x_flash.c...
compiling stm32f10x_fsmc.c...
compiling stm32f10x_gpio.c...
compiling stm32f10x_i2c.c...
compiling stm32f10x_iwdg.c...
compiling stm32f10x_pwr.c...
compiling stm32f10x_rcc.c...
compiling stm32f10x_rtc.c...
compiling stm32f10x_sdio.c...
compiling stm32f10x_spi.c...
compiling stm32f10x_tim.c...
compiling stm32f10x_usart.c...
compiling stm32f10x_wwdg.c...
compiling main.c...
compiling stm32f10x_it.c...
compiling bsp_led.c...
linking...
Program Size: Code=2652 RO-data=336 RW-data=40 ZI-data=1024  
FromELF: creating hex file...
"..\..\Output\GPIO.axf" - 0 Error(s), 0 Warning(s).
Load "..\\..\\Output\\GPIO.axf" 
Error: Flash Download failed  -  Target DLL has been cancelled
Load "..\\..\\Output\\GPIO.axf" 
Error: Flash Download failed  -  Target DLL has been cancelled
Load "..\\..\\Output\\GPIO.axf" 
Erase Done.
Programming Done.
Verify OK.
Application running ...
